Microchip MPLAB XC8 Compiler V2.31

Linker command line:

-W-3 --edf=C:\Program Files\Microchip\xc8\v2.31\pic\dat\en_msgs.txt \
  -pivt0x8=08h -cn \
  -h+dist/default/production\ADC_PIC_Testing.X.production.sym \
  --cmf=dist/default/production\ADC_PIC_Testing.X.production.cmf -z \
  -Q18F47K42 -oC:\Users\User\AppData\Local\Temp\scgo.2 \
  --defsym=__MPLAB_BUILD=1 \
  -Mdist/default/production/ADC_PIC_Testing.X.production.map -E1 \
  -ver=XC8 Compiler --acfsm=1493 -ASTACK=09Ch-01FFFh -pstack=STACK \
  -ACODE=00h-01FFFFh -ACONST=00h-01FFFFh -ASMALLCONST=02000h-020FFhx480 \
  -AMEDIUMCONST=02000h-0FFFFh,012000h-01FFFFh -ACOMRAM=01h-05Fh \
  -AABS1=00h-01FFFh -ABIGRAM=01h-01FFFh -ARAM=060h-0FFh,0100h-01FFhx31 \
  -ABANK0=060h-0FFh -ABANK1=0100h-01FFh -ABANK2=0200h-02FFh \
  -ABANK3=0300h-03FFh -ABANK4=0400h-04FFh -ABANK5=0500h-05FFh \
  -ABANK6=0600h-06FFh -ABANK7=0700h-07FFh -ABANK8=0800h-08FFh \
  -ABANK9=0900h-09FFh -ABANK10=0A00h-0AFFh -ABANK11=0B00h-0BFFh \
  -ABANK12=0C00h-0CFFh -ABANK13=0D00h-0DFFh -ABANK14=0E00h-0EFFh \
  -ABANK15=0F00h-0FFFh -ABANK16=01000h-010FFh -ABANK17=01100h-011FFh \
  -ABANK18=01200h-012FFh -ABANK19=01300h-013FFh -ABANK20=01400h-014FFh \
  -ABANK21=01500h-015FFh -ABANK22=01600h-016FFh -ABANK23=01700h-017FFh \
  -ABANK24=01800h-018FFh -ABANK25=01900h-019FFh -ABANK26=01A00h-01AFFh \
  -ABANK27=01B00h-01BFFh -ABANK28=01C00h-01CFFh -ABANK29=01D00h-01DFFh \
  -ABANK30=01E00h-01EFFh -ABANK31=01F00h-01FFFh \
  -ASFR=03800h-038FFhx7,03F00h-03F5Fh,03F60h-03FFFh \
  -ACONFIG=0300000h-0300009h -AIDLOC=0200000h-020000Fh \
  -AEEDATA=0310000h-03103FFh -peeprom_data=EEDATA -preset_vec=00h \
  -ppowerup=CODE,init -pramtop=02000h -psmallconst=SMALLCONST \
  -pmediumconst=MEDIUMCONST -pconst=CONST -AFARRAM=00h-00h \
  -prdata=COMRAM,nvrram=COMRAM,nvbit=COMRAM,rbss=COMRAM,rbit=COMRAM \
  -pfarbss=FARRAM,fardata=FARRAM,nvFARRAM=FARRAM \
  -pintsave_regs=BIGRAM,bigbss=BIGRAM,bigdata=BIGRAM -pbss=RAM \
  -pidata=CODE,irdata=CODE,ibigdata=CODE,ifardata=CODE -prparam=COMRAM \
  C:\Users\User\AppData\Local\Temp\scgo.o \
  dist/default/production\ADC_PIC_Testing.X.production.o 

Object code version is 3.11

Machine type is 18F47K42



                Name                               Link     Load   Length Selector   Space Scale
C:\Users\User\AppData\Local\Temp\scgo.o
                idloc                            200000   200000       10        0       5
                config                           300000   300000        A        0       4
                init                                 1A       1A        4        4       0
                reset_vec                             0        0        4        0       0
dist/default/production\ADC_PIC_Testing.X.production.o
                idloc                            200000   200000       10        0       5
                config                           300000   300000        A        0       4
                smallconst                         2000     2000       16     1000       0
                ivt0x8                                8        8       12        4       0
                text32                             2E58     2E58        2     100B       0
                text31                             2BB0     2BB0       5C     100B       0
                text30                             2D3E     2D3E       24     100B       0
                text29                             2DE8     2DE8       16     100B       0
                text28                             2DD2     2DD2       16     100B       0
                text27                             2DFE     2DFE       10     100B       0
                text26                             2B54     2B54       5C     100B       0
                text25                             2E54     2E54        4     100B       0
                text24                             2DBA     2DBA       18     100B       0
                text23                             2956     2956       96     100B       0
                text22                             2D1A     2D1A       24     100B       0
                text21                             2E38     2E38        E     100B       0
                text20                             2CF2     2CF2       28     100B       0
                text19                             2E2A     2E2A        E     100B       0
                text18                             2E1C     2E1C        E     100B       0
                text17                             2E0E     2E0E        E     100B       0
                text16                             2A76     2A76       74     100B       0
                text15                             2D82     2D82       1E     100B       0
                text14                             2E50     2E50        4     100B       0
                text13                             250E     250E      188     100B       0
                text12                             2696     2696      164     100B       0
                text11                             2C50     2C50       40     100B       0
                text10                             2DA0     2DA0       1A     100B       0
                text9                              2E46     2E46        A     100B       0
                text8                              28C0     28C0       96     100B       0
                text7                              2C0C     2C0C       44     100B       0
                text6                              2C90     2C90       3A     100B       0
                text5                              27FA     27FA       C6     100B       0
                text4                              2016     2016      2E4     100B       0
                text3                              22FA     22FA      214     100B       0
                text2                              2AEA     2AEA       6A     100B       0
                text1                              2CCA     2CCA       28     100B       0
                text0                              29EC     29EC       8A     100B       0
                cstackCOMRAM                          1        1       5D        1       1
                cstackBANK0                          94       94        8       60       1
                bssBANK0                             60       60       28       60       1
                bssCOMRAM                            5E       5E        1        1       1
                cinit                              2D62     2D62       20     100B       0
                nvBANK0                              88       88        C       60       1

TOTAL           Name                               Link     Load   Length     Space
        CLASS   STACK          

        CLASS   CODE           
                init                                 1A       1A        4         0
                reset_vec                             0        0        4         0
                ivt0x8                                8        8       12         0
                text32                             2E58     2E58        2         0
                text31                             2BB0     2BB0       5C         0
                text30                             2D3E     2D3E       24         0
                text29                             2DE8     2DE8       16         0
                text28                             2DD2     2DD2       16         0
                text27                             2DFE     2DFE       10         0
                text26                             2B54     2B54       5C         0
                text25                             2E54     2E54        4         0
                text24                             2DBA     2DBA       18         0
                text23                             2956     2956       96         0
                text22                             2D1A     2D1A       24         0
                text21                             2E38     2E38        E         0
                text20                             2CF2     2CF2       28         0
                text19                             2E2A     2E2A        E         0
                text18                             2E1C     2E1C        E         0
                text17                             2E0E     2E0E        E         0
                text16                             2A76     2A76       74         0
                text15                             2D82     2D82       1E         0
                text14                             2E50     2E50        4         0
                text13                             250E     250E      188         0
                text12                             2696     2696      164         0
                text11                             2C50     2C50       40         0
                text10                             2DA0     2DA0       1A         0
                text9                              2E46     2E46        A         0
                text8                              28C0     28C0       96         0
                text7                              2C0C     2C0C       44         0
                text6                              2C90     2C90       3A         0
                text5                              27FA     27FA       C6         0
                text4                              2016     2016      2E4         0
                text3                              22FA     22FA      214         0
                text2                              2AEA     2AEA       6A         0
                text1                              2CCA     2CCA       28         0
                text0                              29EC     29EC       8A         0
                cinit                              2D62     2D62       20         0

        CLASS   CONST          

        CLASS   SMALLCONST     
                smallconst                         2000     2000       16         0

        CLASS   MEDIUMCONST    

        CLASS   COMRAM         
                cstackCOMRAM                          1        1       5D         1
                bssCOMRAM                            5E       5E        1         1

        CLASS   ABS1           

        CLASS   BIGRAM         

        CLASS   RAM            

        CLASS   BANK0          
                cstackBANK0                          94       94        8         1
                bssBANK0                             60       60       28         1
                nvBANK0                              88       88        C         1

        CLASS   BANK1          

        CLASS   BANK2          

        CLASS   BANK3          

        CLASS   BANK4          

        CLASS   BANK5          

        CLASS   BANK6          

        CLASS   BANK7          

        CLASS   BANK8          

        CLASS   BANK9          

        CLASS   BANK10         

        CLASS   BANK11         

        CLASS   BANK12         

        CLASS   BANK13         

        CLASS   BANK14         

        CLASS   BANK15         

        CLASS   BANK16         

        CLASS   BANK17         

        CLASS   BANK18         

        CLASS   BANK19         

        CLASS   BANK20         

        CLASS   BANK21         

        CLASS   BANK22         

        CLASS   BANK23         

        CLASS   BANK24         

        CLASS   BANK25         

        CLASS   BANK26         

        CLASS   BANK27         

        CLASS   BANK28         

        CLASS   BANK29         

        CLASS   BANK30         

        CLASS   BANK31         

        CLASS   SFR            

        CLASS   CONFIG         
                config                           300000   300000        A         4

        CLASS   IDLOC          
                idloc                            200000   200000       10         5

        CLASS   EEDATA         

        CLASS   FARRAM         



SEGMENTS        Name                           Load    Length   Top    Selector   Space  Class

                reset_vec                      000000  000004  000004         0       0  CODE    
                cstackCOMRAM                   000001  00005E  00005F         1       1  COMRAM  
                ivt0x8                         000008  000016  00001E         4       0  CODE    
                bssBANK0                       000060  00003C  00009C        60       1  BANK0   
                smallconst                     002000  000016  002016      1000       0  SMALLCON
                text4                          002016  000E44  002E5A      100B       0  CODE    


UNUSED ADDRESS RANGES

        Name                Unused          Largest block    Delta
        BANK0            00009C-0000FF               64
        BANK1            000100-0001FF              100
        BANK10           000A00-000AFF              100
        BANK11           000B00-000BFF              100
        BANK12           000C00-000CFF              100
        BANK13           000D00-000DFF              100
        BANK14           000E00-000EFF              100
        BANK15           000F00-000FFF              100
        BANK16           001000-0010FF              100
        BANK17           001100-0011FF              100
        BANK18           001200-0012FF              100
        BANK19           001300-0013FF              100
        BANK2            000200-0002FF              100
        BANK20           001400-0014FF              100
        BANK21           001500-0015FF              100
        BANK22           001600-0016FF              100
        BANK23           001700-0017FF              100
        BANK24           001800-0018FF              100
        BANK25           001900-0019FF              100
        BANK26           001A00-001AFF              100
        BANK27           001B00-001BFF              100
        BANK28           001C00-001CFF              100
        BANK29           001D00-001DFF              100
        BANK3            000300-0003FF              100
        BANK30           001E00-001EFF              100
        BANK31           001F00-001FFF              100
        BANK4            000400-0004FF              100
        BANK5            000500-0005FF              100
        BANK6            000600-0006FF              100
        BANK7            000700-0007FF              100
        BANK8            000800-0008FF              100
        BANK9            000900-0009FF              100
        BIGRAM           00005F-00005F                1
                         00009C-001FFF             1F64
        CODE             000004-000007                4
                         00001E-001FFF             1FE2
                         002E5A-01FFFF            1D1A6
        COMRAM           00005F-00005F                1
        CONST            000004-000007                4
                         00001E-001FFF             1FE2
                         002E5A-01FFFF            1D1A6
        EEDATA           310000-3103FF              400
        MEDIUMCONST      002E5A-00FFFF             D1A6
                         012000-01FFFF             E000
        RAM              00009C-001FFF              100
        SFR              003800-003FFF              100
        SMALLCONST       002E5A-01FFFF              100
        STACK            00009C-001FFF             1F64

                                  Symbol Table

?_ADCC_GetConversionResult                    cstackCOMRAM 000002
?___aodiv                                     cstackCOMRAM 000002
?___aomod                                     cstackCOMRAM 000002
?_abs                                         cstackCOMRAM 000014
?_dtoa                                        cstackCOMRAM 00001F
?_pad                                         cstackCOMRAM 000014
?_printf                                      cstackBANK0  000094
?_strlen                                      cstackCOMRAM 000002
?_vfpfcnvrt                                   cstackCOMRAM 000043
?_vfprintf                                    cstackCOMRAM 000053
ADCC_StartConversion@channel                  cstackCOMRAM 000002
IVTBASEH                                      (abs)        003FD6
IVTBASEL                                      (abs)        003FD5
IVTBASEU                                      (abs)        003FD7
TMR0_SetInterruptHandler@InterruptHandler     cstackCOMRAM 000002
UART1_SetErrorHandler@interruptHandler        cstackCOMRAM 000002
UART1_SetFramingErrorHandler@interruptHandler cstackCOMRAM 000002
UART1_SetOverrunErrorHandler@interruptHandler cstackCOMRAM 000002
UART1_Write@txData                            cstackCOMRAM 000002
_ADACCH                                       (abs)        003EE9
_ADACCL                                       (abs)        003EE8
_ADACCU                                       (abs)        003EEA
_ADACQH                                       (abs)        003EF4
_ADACQL                                       (abs)        003EF3
_ADACT                                        (abs)        003EFE
_ADCAP                                        (abs)        003EF5
_ADCC_GetConversionResult                     text29       002DE8
_ADCC_Initialize                              text26       002B54
_ADCC_IsConversionDone                        text28       002DD2
_ADCC_StartConversion                         text27       002DFE
_ADCLK                                        (abs)        003EFF
_ADCNT                                        (abs)        003EEB
_ADCON0                                       (abs)        003EF8
_ADCON0bits                                   (abs)        003EF8
_ADCON1                                       (abs)        003EF9
_ADCON1bits                                   (abs)        003EF9
_ADCON2                                       (abs)        003EFA
_ADCON2bits                                   (abs)        003EFA
_ADCON3                                       (abs)        003EFB
_ADCON3bits                                   (abs)        003EFB
_ADERRH                                       (abs)        003EE3
_ADERRL                                       (abs)        003EE2
_ADFLTRH                                      (abs)        003EE7
_ADFLTRL                                      (abs)        003EE6
_ADLTHH                                       (abs)        003EDF
_ADLTHL                                       (abs)        003EDE
_ADPCH                                        (abs)        003EF1
_ADPREH                                       (abs)        003EF7
_ADPREL                                       (abs)        003EF6
_ADPREVH                                      (abs)        003EEE
_ADPREVL                                      (abs)        003EED
_ADREF                                        (abs)        003EFD
_ADRESH                                       (abs)        003EF0
_ADRESL                                       (abs)        003EEF
_ADRPT                                        (abs)        003EEC
_ADSTAT                                       (abs)        003EFC
_ADSTATbits                                   (abs)        003EFC
_ADSTPTH                                      (abs)        003EE5
_ADSTPTL                                      (abs)        003EE4
_ADUTHH                                       (abs)        003EE1
_ADUTHL                                       (abs)        003EE0
_ANSELA                                       (abs)        003A40
_ANSELB                                       (abs)        003A50
_ANSELC                                       (abs)        003A60
_ANSELD                                       (abs)        003A70
_ANSELE                                       (abs)        003A80
_INLVLA                                       (abs)        003A44
_INLVLB                                       (abs)        003A54
_INLVLC                                       (abs)        003A64
_INLVLD                                       (abs)        003A74
_INLVLE                                       (abs)        003A84
_INTCON0bits                                  (abs)        003FD2
_INTERRUPT_Initialize                         text25       002E54
_INTERRUPT_InterruptManager                   text30       002D3E
_LATA                                         (abs)        003FBA
_LATAbits                                     (abs)        003FBA
_LATB                                         (abs)        003FBB
_LATC                                         (abs)        003FBC
_LATD                                         (abs)        003FBD
_LATE                                         (abs)        003FBE
_ODCONA                                       (abs)        003A42
_ODCONB                                       (abs)        003A52
_ODCONC                                       (abs)        003A62
_ODCOND                                       (abs)        003A72
_ODCONE                                       (abs)        003A82
_OSCCON1                                      (abs)        0039D9
_OSCCON3                                      (abs)        0039DB
_OSCEN                                        (abs)        0039DD
_OSCFRQ                                       (abs)        0039DF
_OSCILLATOR_Initialize                        text24       002DBA
_OSCTUNE                                      (abs)        0039DE
_PIE3bits                                     (abs)        003993
_PIN_MANAGER_Initialize                       text23       002956
_PIR3bits                                     (abs)        0039A3
_PMD0                                         (abs)        0039C0
_PMD1                                         (abs)        0039C1
_PMD2                                         (abs)        0039C2
_PMD3                                         (abs)        0039C3
_PMD4                                         (abs)        0039C4
_PMD5                                         (abs)        0039C5
_PMD6                                         (abs)        0039C6
_PMD7                                         (abs)        0039C7
_PMD_Initialize                               text22       002D1A
_RB1I2C                                       (abs)        003A5A
_RB2I2C                                       (abs)        003A5B
_RC3I2C                                       (abs)        003A6A
_RC4I2C                                       (abs)        003A6B
_RC6PPS                                       (abs)        003A16
_RD0I2C                                       (abs)        003A7A
_RD1I2C                                       (abs)        003A7B
_SLRCONA                                      (abs)        003A43
_SLRCONB                                      (abs)        003A53
_SLRCONC                                      (abs)        003A63
_SLRCOND                                      (abs)        003A73
_SLRCONE                                      (abs)        003A83
_SYSTEM_Initialize                            text15       002D82
_T0CON0                                       (abs)        003FB8
_T0CON0bits                                   (abs)        003FB8
_T0CON1                                       (abs)        003FB9
_TMR0H                                        (abs)        003FB7
_TMR0L                                        (abs)        003FB6
_TMR0_DefaultInterruptHandler                 text32       002E58
_TMR0_ISR                                     text31       002BB0
_TMR0_Initialize                              text20       002CF2
_TMR0_InterruptHandler                        nvBANK0      000088
_TMR0_SetInterruptHandler                     text21       002E38
_TMR0_StartTimer                              text14       002E50
_TRISA                                        (abs)        003FC2
_TRISB                                        (abs)        003FC3
_TRISC                                        (abs)        003FC4
_TRISD                                        (abs)        003FC5
_TRISE                                        (abs)        003FC6
_U1BRGH                                       (abs)        003DF6
_U1BRGL                                       (abs)        003DF5
_U1CON0                                       (abs)        003DF2
_U1CON0bits                                   (abs)        003DF2
_U1CON1                                       (abs)        003DF3
_U1CON2                                       (abs)        003DF4
_U1ERRIE                                      (abs)        003DFA
_U1ERRIR                                      (abs)        003DF9
_U1ERRIRbits                                  (abs)        003DF9
_U1FIFO                                       (abs)        003DF7
_U1P1H                                        (abs)        003DED
_U1P1L                                        (abs)        003DEC
_U1P2H                                        (abs)        003DEF
_U1P2L                                        (abs)        003DEE
_U1P3H                                        (abs)        003DF1
_U1P3L                                        (abs)        003DF0
_U1RXB                                        (abs)        003DE8
_U1RXPPS                                      (abs)        003AE5
_U1TXB                                        (abs)        003DEA
_U1UIR                                        (abs)        003DF8
_UART1_DefaultErrorHandler                    (abs)        000000
_UART1_DefaultFramingErrorHandler             (abs)        000000
_UART1_DefaultOverrunErrorHandler             (abs)        000000
_UART1_ErrorHandler                           nvBANK0      00008B
_UART1_FramingErrorHandler                    nvBANK0      000091
_UART1_Initialize                             text16       002A76
_UART1_OverrunErrorHandler                    nvBANK0      00008E
_UART1_SetErrorHandler                        text19       002E2A
_UART1_SetFramingErrorHandler                 text18       002E1C
_UART1_SetOverrunErrorHandler                 text17       002E0E
_UART1_Write                                  text10       002DA0
_WPUA                                         (abs)        003A41
_WPUB                                         (abs)        003A51
_WPUC                                         (abs)        003A61
_WPUD                                         (abs)        003A71
_WPUE                                         (abs)        003A81
__HRAM                                        (abs)        000000
__Habs1                                       abs1         000000
__Hbank0                                      bank0        000000
__Hbank1                                      bank1        000000
__Hbank10                                     bank10       000000
__Hbank11                                     bank11       000000
__Hbank12                                     bank12       000000
__Hbank13                                     bank13       000000
__Hbank14                                     bank14       000000
__Hbank15                                     bank15       000000
__Hbank16                                     bank16       000000
__Hbank17                                     bank17       000000
__Hbank18                                     bank18       000000
__Hbank19                                     bank19       000000
__Hbank2                                      bank2        000000
__Hbank20                                     bank20       000000
__Hbank21                                     bank21       000000
__Hbank22                                     bank22       000000
__Hbank23                                     bank23       000000
__Hbank24                                     bank24       000000
__Hbank25                                     bank25       000000
__Hbank26                                     bank26       000000
__Hbank27                                     bank27       000000
__Hbank28                                     bank28       000000
__Hbank29                                     bank29       000000
__Hbank3                                      bank3        000000
__Hbank30                                     bank30       000000
__Hbank31                                     bank31       000000
__Hbank4                                      bank4        000000
__Hbank5                                      bank5        000000
__Hbank6                                      bank6        000000
__Hbank7                                      bank7        000000
__Hbank8                                      bank8        000000
__Hbank9                                      bank9        000000
__Hbigbss                                     bigbss       000000
__Hbigdata                                    bigdata      000000
__Hbigram                                     bigram       000000
__Hbss                                        bss          000000
__HbssBANK0                                   bssBANK0     000000
__HbssCOMRAM                                  bssCOMRAM    000000
__Hcinit                                      cinit        000000
__Hclrtext                                    clrtext      000000
__Hcomram                                     comram       000000
__Hconfig                                     config       30000A
__Hconst                                      const        000000
__HcstackBANK0                                cstackBANK0  000000
__HcstackCOMRAM                               cstackCOMRAM 000000
__Hdata                                       data         000000
__Heeprom_data                                eeprom_data  000000
__Hfarbss                                     farbss       000000
__Hfardata                                    fardata      000000
__Hibigdata                                   ibigdata     000000
__Hidata                                      idata        000000
__Hidloc                                      idloc        200010
__Hifardata                                   ifardata     000000
__Hinit                                       init         00001E
__Hintsave_regs                               intsave_regs 000000
__Hirdata                                     irdata       000000
__Hivt0x8                                     ivt0x8       00001A
__Hmediumconst                                mediumconst  000000
__HnvBANK0                                    nvBANK0      000000
__HnvFARRAM                                   nvFARRAM     000000
__Hnvbit                                      nvbit        000000
__Hnvrram                                     nvrram       000000
__Hparam                                      rparam       000000
__Hpowerup                                    powerup      000000
__Hram                                        ram          000000
__Hramtop                                     ramtop       002000
__Hrbit                                       rbit         000000
__Hrbss                                       rbss         000000
__Hrdata                                      rdata        000000
__Hreset_vec                                  reset_vec    000004
__Hrparam                                     rparam       000000
__Hsfr                                        sfr          000000
__Hsmallconst                                 smallconst   002016
__Hspace_0                                    (abs)        002E5A
__Hspace_1                                    (abs)        00009C
__Hspace_2                                    (abs)        000000
__Hspace_4                                    (abs)        60000A
__Hstack                                      stack        000000
__Hstruct                                     struct       000000
__Htemp                                       temp         000000
__Htext                                       text         000000
__Htext0                                      text0        000000
__Htext1                                      text1        000000
__Htext10                                     text10       000000
__Htext11                                     text11       000000
__Htext12                                     text12       000000
__Htext13                                     text13       000000
__Htext14                                     text14       000000
__Htext15                                     text15       000000
__Htext16                                     text16       000000
__Htext17                                     text17       000000
__Htext18                                     text18       000000
__Htext19                                     text19       000000
__Htext2                                      text2        000000
__Htext20                                     text20       000000
__Htext21                                     text21       000000
__Htext22                                     text22       000000
__Htext23                                     text23       000000
__Htext24                                     text24       000000
__Htext25                                     text25       000000
__Htext26                                     text26       000000
__Htext27                                     text27       000000
__Htext28                                     text28       000000
__Htext29                                     text29       000000
__Htext3                                      text3        000000
__Htext30                                     text30       000000
__Htext31                                     text31       000000
__Htext32                                     text32       000000
__Htext33                                     text33       000000
__Htext4                                      text4        000000
__Htext5                                      text5        000000
__Htext6                                      text6        000000
__Htext7                                      text7        000000
__Htext8                                      text8        000000
__Htext9                                      text9        000000
__LRAM                                        (abs)        000001
__Labs1                                       abs1         000000
__Lbank0                                      bank0        000000
__Lbank1                                      bank1        000000
__Lbank10                                     bank10       000000
__Lbank11                                     bank11       000000
__Lbank12                                     bank12       000000
__Lbank13                                     bank13       000000
__Lbank14                                     bank14       000000
__Lbank15                                     bank15       000000
__Lbank16                                     bank16       000000
__Lbank17                                     bank17       000000
__Lbank18                                     bank18       000000
__Lbank19                                     bank19       000000
__Lbank2                                      bank2        000000
__Lbank20                                     bank20       000000
__Lbank21                                     bank21       000000
__Lbank22                                     bank22       000000
__Lbank23                                     bank23       000000
__Lbank24                                     bank24       000000
__Lbank25                                     bank25       000000
__Lbank26                                     bank26       000000
__Lbank27                                     bank27       000000
__Lbank28                                     bank28       000000
__Lbank29                                     bank29       000000
__Lbank3                                      bank3        000000
__Lbank30                                     bank30       000000
__Lbank31                                     bank31       000000
__Lbank4                                      bank4        000000
__Lbank5                                      bank5        000000
__Lbank6                                      bank6        000000
__Lbank7                                      bank7        000000
__Lbank8                                      bank8        000000
__Lbank9                                      bank9        000000
__Lbigbss                                     bigbss       000000
__Lbigdata                                    bigdata      000000
__Lbigram                                     bigram       000000
__Lbss                                        bss          000000
__LbssBANK0                                   bssBANK0     000000
__LbssCOMRAM                                  bssCOMRAM    000000
__Lcinit                                      cinit        000000
__Lclrtext                                    clrtext      000000
__Lcomram                                     comram       000000
__Lconfig                                     config       000000
__Lconst                                      const        000000
__LcstackBANK0                                cstackBANK0  000000
__LcstackCOMRAM                               cstackCOMRAM 000000
__Ldata                                       data         000000
__Leeprom_data                                eeprom_data  000000
__Lfarbss                                     farbss       000000
__Lfardata                                    fardata      000000
__Libigdata                                   ibigdata     000000
__Lidata                                      idata        000000
__Lidloc                                      idloc        000000
__Lifardata                                   ifardata     000000
__Linit                                       init         00001A
__Lintsave_regs                               intsave_regs 000000
__Lirdata                                     irdata       000000
__Livt0x8                                     ivt0x8       000008
__Lmediumconst                                mediumconst  000000
__LnvBANK0                                    nvBANK0      000000
__LnvFARRAM                                   nvFARRAM     000000
__Lnvbit                                      nvbit        000000
__Lnvrram                                     nvrram       000000
__Lparam                                      rparam       000000
__Lpowerup                                    powerup      000000
__Lram                                        ram          000000
__Lramtop                                     ramtop       002000
__Lrbit                                       rbit         000000
__Lrbss                                       rbss         000000
__Lrdata                                      rdata        000000
__Lreset_vec                                  reset_vec    000000
__Lrparam                                     rparam       000000
__Lsfr                                        sfr          000000
__Lsmallconst                                 smallconst   002000
__Lspace_0                                    (abs)        000000
__Lspace_1                                    (abs)        000000
__Lspace_2                                    (abs)        000000
__Lspace_4                                    (abs)        000000
__Lstack                                      stack        000000
__Lstruct                                     struct       000000
__Ltemp                                       temp         000000
__Ltext                                       text         000000
__Ltext0                                      text0        000000
__Ltext1                                      text1        000000
__Ltext10                                     text10       000000
__Ltext11                                     text11       000000
__Ltext12                                     text12       000000
__Ltext13                                     text13       000000
__Ltext14                                     text14       000000
__Ltext15                                     text15       000000
__Ltext16                                     text16       000000
__Ltext17                                     text17       000000
__Ltext18                                     text18       000000
__Ltext19                                     text19       000000
__Ltext2                                      text2        000000
__Ltext20                                     text20       000000
__Ltext21                                     text21       000000
__Ltext22                                     text22       000000
__Ltext23                                     text23       000000
__Ltext24                                     text24       000000
__Ltext25                                     text25       000000
__Ltext26                                     text26       000000
__Ltext27                                     text27       000000
__Ltext28                                     text28       000000
__Ltext29                                     text29       000000
__Ltext3                                      text3        000000
__Ltext30                                     text30       000000
__Ltext31                                     text31       000000
__Ltext32                                     text32       000000
__Ltext33                                     text33       000000
__Ltext4                                      text4        000000
__Ltext5                                      text5        000000
__Ltext6                                      text6        000000
__Ltext7                                      text7        000000
__Ltext8                                      text8        000000
__Ltext9                                      text9        000000
__S0                                          (abs)        002E5A
__S1                                          (abs)        00009C
__S2                                          (abs)        000000
__S4                                          (abs)        000000
__S5                                          (abs)        000000
___aodiv                                      text13       00250E
___aodiv@counter                              cstackCOMRAM 000012
___aodiv@dividend                             cstackCOMRAM 000002
___aodiv@divisor                              cstackCOMRAM 00000A
___aodiv@quotient                             cstackCOMRAM 000014
___aodiv@sign                                 cstackCOMRAM 000013
___aomod                                      text12       002696
___aomod@counter                              cstackCOMRAM 000012
___aomod@dividend                             cstackCOMRAM 000002
___aomod@divisor                              cstackCOMRAM 00000A
___aomod@sign                                 cstackCOMRAM 000013
___inthi_sp                                   stack        000000
___intlo_sp                                   stack        000000
___param_bank                                 (abs)        000000
___rparam_used                                (abs)        000001
___sp                                         stack        000000
__accesstop                                   (abs)        000060
__activetblptr                                (abs)        000003
__end_of_ADCC_GetConversionResult             text29       002DFE
__end_of_ADCC_Initialize                      text26       002BB0
__end_of_ADCC_IsConversionDone                text28       002DE8
__end_of_ADCC_StartConversion                 text27       002E0E
__end_of_INTERRUPT_Initialize                 text25       002E58
__end_of_INTERRUPT_InterruptManager           text30       002D62
__end_of_OSCILLATOR_Initialize                text24       002DD2
__end_of_PIN_MANAGER_Initialize               text23       0029EC
__end_of_PMD_Initialize                       text22       002D3E
__end_of_SYSTEM_Initialize                    text15       002DA0
__end_of_TMR0_DefaultInterruptHandler         text32       002E5A
__end_of_TMR0_ISR                             text31       002C0C
__end_of_TMR0_Initialize                      text20       002D1A
__end_of_TMR0_SetInterruptHandler             text21       002E46
__end_of_TMR0_StartTimer                      text14       002E54
__end_of_UART1_Initialize                     text16       002AEA
__end_of_UART1_SetErrorHandler                text19       002E38
__end_of_UART1_SetFramingErrorHandler         text18       002E2A
__end_of_UART1_SetOverrunErrorHandler         text17       002E1C
__end_of_UART1_Write                          text10       002DBA
__end_of___aodiv                              text13       002696
__end_of___aomod                              text12       0027FA
__end_of__initialization                      cinit        002D7C
__end_of_abs                                  text11       002C90
__end_of_dtoa                                 text4        0022FA
__end_of_fputc                                text8        002956
__end_of_fputs                                text7        002C50
__end_of_main                                 text0        002A76
__end_of_pad                                  text5        0028C0
__end_of_printf                               text1        002CF2
__end_of_putch                                text9        002E50
__end_of_strlen                               text6        002CCA
__end_of_vfpfcnvrt                            text3        00250E
__end_of_vfprintf                             text2        002B54
__initialization                              cinit        002D62
__mediumconst                                 mediumconst  000000
__pbssBANK0                                   bssBANK0     000060
__pbssCOMRAM                                  bssCOMRAM    00005E
__pcinit                                      cinit        002D62
__pcstackBANK0                                cstackBANK0  000094
__pcstackCOMRAM                               cstackCOMRAM 000001
__pivt0x8                                     ivt0x8       000008
__pnvBANK0                                    nvBANK0      000088
__psmallconst                                 smallconst   002000
__ptext0                                      text0        0029EC
__ptext1                                      text1        002CCA
__ptext10                                     text10       002DA0
__ptext11                                     text11       002C50
__ptext12                                     text12       002696
__ptext13                                     text13       00250E
__ptext14                                     text14       002E50
__ptext15                                     text15       002D82
__ptext16                                     text16       002A76
__ptext17                                     text17       002E0E
__ptext18                                     text18       002E1C
__ptext19                                     text19       002E2A
__ptext2                                      text2        002AEA
__ptext20                                     text20       002CF2
__ptext21                                     text21       002E38
__ptext22                                     text22       002D1A
__ptext23                                     text23       002956
__ptext24                                     text24       002DBA
__ptext25                                     text25       002E54
__ptext26                                     text26       002B54
__ptext27                                     text27       002DFE
__ptext28                                     text28       002DD2
__ptext29                                     text29       002DE8
__ptext3                                      text3        0022FA
__ptext30                                     text30       002D3E
__ptext31                                     text31       002BB0
__ptext32                                     text32       002E58
__ptext33                                     text33       000000
__ptext4                                      text4        002016
__ptext5                                      text5        0027FA
__ptext6                                      text6        002C90
__ptext7                                      text7        002C0C
__ptext8                                      text8        0028C0
__ptext9                                      text9        002E46
__ramtop                                      ramtop       002000
__size_of_ADCC_GetConversionResult            (abs)        000000
__size_of_ADCC_Initialize                     (abs)        000000
__size_of_ADCC_IsConversionDone               (abs)        000000
__size_of_ADCC_StartConversion                (abs)        000000
__size_of_INTERRUPT_Initialize                (abs)        000000
__size_of_INTERRUPT_InterruptManager          (abs)        000000
__size_of_OSCILLATOR_Initialize               (abs)        000000
__size_of_PIN_MANAGER_Initialize              (abs)        000000
__size_of_PMD_Initialize                      (abs)        000000
__size_of_SYSTEM_Initialize                   (abs)        000000
__size_of_TMR0_DefaultInterruptHandler        (abs)        000000
__size_of_TMR0_ISR                            (abs)        000000
__size_of_TMR0_Initialize                     (abs)        000000
__size_of_TMR0_SetInterruptHandler            (abs)        000000
__size_of_TMR0_StartTimer                     (abs)        000000
__size_of_UART1_Initialize                    (abs)        000000
__size_of_UART1_SetErrorHandler               (abs)        000000
__size_of_UART1_SetFramingErrorHandler        (abs)        000000
__size_of_UART1_SetOverrunErrorHandler        (abs)        000000
__size_of_UART1_Write                         (abs)        000000
__size_of___aodiv                             (abs)        000000
__size_of___aomod                             (abs)        000000
__size_of_abs                                 (abs)        000000
__size_of_dtoa                                (abs)        000000
__size_of_fputc                               (abs)        000000
__size_of_fputs                               (abs)        000000
__size_of_main                                (abs)        000000
__size_of_pad                                 (abs)        000000
__size_of_printf                              (abs)        000000
__size_of_putch                               (abs)        000000
__size_of_strlen                              (abs)        000000
__size_of_vfpfcnvrt                           (abs)        000000
__size_of_vfprintf                            (abs)        000000
__smallconst                                  smallconst   002000
_abs                                          text11       002C50
_dbuf                                         bssBANK0     000068
_dtoa                                         text4        002016
_dtoa$1626                                    cstackCOMRAM 000031
_flags                                        bssBANK0     000066
_fputc                                        text8        0028C0
_fputs                                        text7        002C0C
_main                                         text0        0029EC
_nout                                         bssBANK0     000060
_pad                                          text5        0027FA
_prec                                         bssBANK0     000064
_printf                                       text1        002CCA
_putch                                        text9        002E46
_strlen                                       text6        002C90
_uart1RxLastError                             bssCOMRAM    00005E
_vfpfcnvrt                                    text3        0022FA
_vfprintf                                     text2        002AEA
_width                                        bssBANK0     000062
abs@a                                         cstackCOMRAM 000014
dtoa@d                                        cstackCOMRAM 000021
dtoa@fp                                       cstackCOMRAM 00001F
dtoa@i                                        cstackCOMRAM 000041
dtoa@n                                        cstackCOMRAM 000039
dtoa@p                                        cstackCOMRAM 000033
dtoa@s                                        cstackCOMRAM 000037
dtoa@w                                        cstackCOMRAM 000035
end_of_initialization                         cinit        002D7C
fputc@c                                       cstackCOMRAM 000004
fputc@fp                                      cstackCOMRAM 000006
fputs@c                                       cstackCOMRAM 000011
fputs@fp                                      cstackCOMRAM 00000F
fputs@i                                       cstackCOMRAM 000012
fputs@s                                       cstackCOMRAM 00000D
intlevel0                                     text         000000
intlevel1                                     text         000000
intlevel2                                     text         000000
intlevel3                                     text         000000
ivt0x8_base                                   ivt0x8       000008
main@convertedValue                           cstackCOMRAM 00005C
pad@buf                                       cstackCOMRAM 000016
pad@fp                                        cstackCOMRAM 000014
pad@i                                         cstackCOMRAM 00001B
pad@p                                         cstackCOMRAM 000018
pad@w                                         cstackCOMRAM 00001D
printf@ap                                     cstackBANK0  00009A
printf@fmt                                    cstackBANK0  000094
putch@txData                                  cstackCOMRAM 000003
stackhi                                       (abs)        001FFF
stacklo                                       (abs)        00009C
start                                         init         00001A
start_initialization                          cinit        002D62
strlen@a                                      cstackCOMRAM 000004
strlen@s                                      cstackCOMRAM 000002
vfpfcnvrt@ap                                  cstackCOMRAM 000047
vfpfcnvrt@fmt                                 cstackCOMRAM 000045
vfpfcnvrt@fp                                  cstackCOMRAM 000043
vfpfcnvrt@ll                                  cstackCOMRAM 00004B
vfprintf@ap                                   cstackCOMRAM 000057
vfprintf@cfmt                                 cstackCOMRAM 000059
vfprintf@fmt                                  cstackCOMRAM 000055
vfprintf@fp                                   cstackCOMRAM 000053


FUNCTION INFORMATION:

 *************** function _main *****************
 Defined at:
		line 51 in file "main.c"
 Parameters:    Size  Location     Type
		None
 Auto vars:     Size  Location     Type
  convertedVal    2   91[COMRAM] unsigned short 
 Return value:  Size  Location     Type
                  1    wreg      void 
 Registers used:
		wreg, fsr1l, fsr1h, fsr2l, fsr2h, status,2, status,0, tblptrl, tblptrh, tblptru, cstack
 Tracked objects:
		On entry : 
		On exit  : 
		Unchanged: 
 Data sizes:     COMRAM   BANK0   BANK1   BANK2   BANK3   BANK4   BANK5   BANK6   BANK7   BANK8   BANK9  BANK10  BANK11  BANK12  BANK13  BANK14  BANK15  BANK16  BANK17  BANK18  BANK19  BANK20  BANK21  BANK22  BANK23  BANK24  BANK25  BANK26  BANK27  BANK28  BANK29  BANK30  BANK31
      Params:         0       0       0       0       0       0       0       0       0       0       0       0       0       0       0       0       0       0       0       0       0       0       0       0       0       0       0       0       0       0       0       0       0
      Locals:         2       0       0       0       0       0       0       0       0       0       0       0       0       0       0       0       0       0       0       0       0       0       0       0       0       0       0       0       0       0       0       0       0
      Temps:          1       0       0       0       0       0       0       0       0       0       0       0       0       0       0       0       0       0       0       0       0       0       0       0       0       0       0       0       0       0       0       0       0
      Totals:         3       0       0       0       0       0       0       0       0       0       0       0       0       0       0       0       0       0       0       0       0       0       0       0       0       0       0       0       0       0       0       0       0
Total ram usage:        3 bytes
 Hardware stack levels required when called:   12
 This function calls:
		_ADCC_GetConversionResult
		_ADCC_Initialize
		_ADCC_IsConversionDone
		_ADCC_StartConversion
		_INTERRUPT_Initialize
		_SYSTEM_Initialize
		_TMR0_Initialize
		_TMR0_StartTimer
		_printf
 This function is called by:
		Startup code after reset
 This function uses a non-reentrant model


 *************** function _printf *****************
 Defined at:
		line 5 in file "C:\Program Files\Microchip\xc8\v2.31\pic\sources\c99\common\printf.c"
 Parameters:    Size  Location     Type
  fmt             2    0[BANK0 ] PTR const unsigned char 
		 -> STR_1(19), 
 Auto vars:     Size  Location     Type
  ap              2    6[BANK0 ] PTR void [1]
		 -> ?_printf(2), 
  ret             2    0        int 
 Return value:  Size  Location     Type
                  2    0[BANK0 ] int 
 Registers used:
		wreg, fsr1l, fsr1h, fsr2l, fsr2h, status,2, status,0, tblptrl, tblptrh, tblptru, cstack
 Tracked objects:
		On entry : 
		On exit  : 
		Unchanged: 
 Data sizes:     COMRAM   BANK0   BANK1   BANK2   BANK3   BANK4   BANK5   BANK6   BANK7   BANK8   BANK9  BANK10  BANK11  BANK12  BANK13  BANK14  BANK15  BANK16  BANK17  BANK18  BANK19  BANK20  BANK21  BANK22  BANK23  BANK24  BANK25  BANK26  BANK27  BANK28  BANK29  BANK30  BANK31
      Params:         0       4       0       0       0       0       0       0       0       0       0       0       0       0       0       0       0       0       0       0       0       0       0       0       0       0       0       0       0       0       0       0       0
      Locals:         0       4       0       0       0       0       0       0       0       0       0       0       0       0       0       0       0       0       0       0       0       0       0       0       0       0       0       0       0       0       0       0       0
      Temps:          0       0       0       0       0       0       0       0       0       0       0       0       0       0       0       0       0       0       0       0       0       0       0       0       0       0       0       0       0       0       0       0       0
      Totals:         0       8       0       0       0       0       0       0       0       0       0       0       0       0       0       0       0       0       0       0       0       0       0       0       0       0       0       0       0       0       0       0       0
Total ram usage:        8 bytes
 Hardware stack levels used:    1
 Hardware stack levels required when called:   11
 This function calls:
		_vfprintf
 This function is called by:
		_main
 This function uses a non-reentrant model


 *************** function _vfprintf *****************
 Defined at:
		line 1390 in file "C:\Program Files\Microchip\xc8\v2.31\pic\sources\c99\common\doprnt.c"
 Parameters:    Size  Location     Type
  fp              2   82[COMRAM] PTR struct _IO_FILE
		 -> NULL(0), 
  fmt             2   84[COMRAM] PTR const unsigned char 
		 -> STR_1(19), 
  ap              2   86[COMRAM] PTR PTR void 
		 -> printf@ap(2), 
 Auto vars:     Size  Location     Type
  cfmt            2   88[COMRAM] PTR unsigned char 
		 -> STR_1(19), 
 Return value:  Size  Location     Type
                  2   82[COMRAM] int 
 Registers used:
		wreg, fsr1l, fsr1h, fsr2l, fsr2h, status,2, status,0, tblptrl, tblptrh, tblptru, cstack
 Tracked objects:
		On entry : 
		On exit  : 
		Unchanged: 
 Data sizes:     COMRAM   BANK0   BANK1   BANK2   BANK3   BANK4   BANK5   BANK6   BANK7   BANK8   BANK9  BANK10  BANK11  BANK12  BANK13  BANK14  BANK15  BANK16  BANK17  BANK18  BANK19  BANK20  BANK21  BANK22  BANK23  BANK24  BANK25  BANK26  BANK27  BANK28  BANK29  BANK30  BANK31
      Params:         6       0       0       0       0       0       0       0       0       0       0       0       0       0       0       0       0       0       0       0       0       0       0       0       0       0       0       0       0       0       0       0       0
      Locals:         2       0       0       0       0       0       0       0       0       0       0       0       0       0       0       0       0       0       0       0       0       0       0       0       0       0       0       0       0       0       0       0       0
      Temps:          0       0       0       0       0       0       0       0       0       0       0       0       0       0       0       0       0       0       0       0       0       0       0       0       0       0       0       0       0       0       0       0       0
      Totals:         8       0       0       0       0       0       0       0       0       0       0       0       0       0       0       0       0       0       0       0       0       0       0       0       0       0       0       0       0       0       0       0       0
Total ram usage:        8 bytes
 Hardware stack levels used:    1
 Hardware stack levels required when called:   10
 This function calls:
		_vfpfcnvrt
 This function is called by:
		_printf
 This function uses a non-reentrant model


 *************** function _vfpfcnvrt *****************
 Defined at:
		line 692 in file "C:\Program Files\Microchip\xc8\v2.31\pic\sources\c99\common\doprnt.c"
 Parameters:    Size  Location     Type
  fp              2   66[COMRAM] PTR struct _IO_FILE
		 -> NULL(0), 
  fmt             2   68[COMRAM] PTR PTR unsigned char 
		 -> vfprintf@cfmt(2), 
  ap              2   70[COMRAM] PTR PTR void 
		 -> printf@ap(2), 
 Auto vars:     Size  Location     Type
  ll              8   74[COMRAM] long long 
  llu             8    0        unsigned long long 
  f               4    0        unsigned long long 
  vp              3    0        PTR void 
  ct              3    0        unsigned char [3]
  cp              3    0        PTR unsigned char 
  i               2    0        int 
  done            2    0        int 
  c               1    0        unsigned char 
 Return value:  Size  Location     Type
                  2   66[COMRAM] int 
 Registers used:
		wreg, fsr1l, fsr1h, fsr2l, fsr2h, status,2, status,0, tblptrl, tblptrh, tblptru, cstack
 Tracked objects:
		On entry : 
		On exit  : 
		Unchanged: 
 Data sizes:     COMRAM   BANK0   BANK1   BANK2   BANK3   BANK4   BANK5   BANK6   BANK7   BANK8   BANK9  BANK10  BANK11  BANK12  BANK13  BANK14  BANK15  BANK16  BANK17  BANK18  BANK19  BANK20  BANK21  BANK22  BANK23  BANK24  BANK25  BANK26  BANK27  BANK28  BANK29  BANK30  BANK31
      Params:         6       0       0       0       0       0       0       0       0       0       0       0       0       0       0       0       0       0       0       0       0       0       0       0       0       0       0       0       0       0       0       0       0
      Locals:         8       0       0       0       0       0       0       0       0       0       0       0       0       0       0       0       0       0       0       0       0       0       0       0       0       0       0       0       0       0       0       0       0
      Temps:          2       0       0       0       0       0       0       0       0       0       0       0       0       0       0       0       0       0       0       0       0       0       0       0       0       0       0       0       0       0       0       0       0
      Totals:        16       0       0       0       0       0       0       0       0       0       0       0       0       0       0       0       0       0       0       0       0       0       0       0       0       0       0       0       0       0       0       0       0
Total ram usage:       16 bytes
 Hardware stack levels used:    1
 Hardware stack levels required when called:    9
 This function calls:
		_dtoa
		_fputc
 This function is called by:
		_vfprintf
 This function uses a non-reentrant model


 *************** function _dtoa *****************
 Defined at:
		line 287 in file "C:\Program Files\Microchip\xc8\v2.31\pic\sources\c99\common\doprnt.c"
 Parameters:    Size  Location     Type
  fp              2   30[COMRAM] PTR struct _IO_FILE
		 -> NULL(0), 
  d               8   32[COMRAM] long long 
 Auto vars:     Size  Location     Type
  n               8   56[COMRAM] long long 
  i               2   64[COMRAM] int 
  s               2   54[COMRAM] int 
  w               2   52[COMRAM] int 
  p               2   50[COMRAM] int 
 Return value:  Size  Location     Type
                  2   30[COMRAM] int 
 Registers used:
		wreg, fsr1l, fsr1h, fsr2l, fsr2h, status,2, status,0, cstack
 Tracked objects:
		On entry : 
		On exit  : 
		Unchanged: 
 Data sizes:     COMRAM   BANK0   BANK1   BANK2   BANK3   BANK4   BANK5   BANK6   BANK7   BANK8   BANK9  BANK10  BANK11  BANK12  BANK13  BANK14  BANK15  BANK16  BANK17  BANK18  BANK19  BANK20  BANK21  BANK22  BANK23  BANK24  BANK25  BANK26  BANK27  BANK28  BANK29  BANK30  BANK31
      Params:        10       0       0       0       0       0       0       0       0       0       0       0       0       0       0       0       0       0       0       0       0       0       0       0       0       0       0       0       0       0       0       0       0
      Locals:        18       0       0       0       0       0       0       0       0       0       0       0       0       0       0       0       0       0       0       0       0       0       0       0       0       0       0       0       0       0       0       0       0
      Temps:          8       0       0       0       0       0       0       0       0       0       0       0       0       0       0       0       0       0       0       0       0       0       0       0       0       0       0       0       0       0       0       0       0
      Totals:        36       0       0       0       0       0       0       0       0       0       0       0       0       0       0       0       0       0       0       0       0       0       0       0       0       0       0       0       0       0       0       0       0
Total ram usage:       36 bytes
 Hardware stack levels used:    1
 Hardware stack levels required when called:    8
 This function calls:
		___aodiv
		___aomod
		_abs
		_pad
 This function is called by:
		_vfpfcnvrt
 This function uses a non-reentrant model


 *************** function _pad *****************
 Defined at:
		line 72 in file "C:\Program Files\Microchip\xc8\v2.31\pic\sources\c99\common\doprnt.c"
 Parameters:    Size  Location     Type
  fp              2   19[COMRAM] PTR struct _IO_FILE
		 -> NULL(0), 
  buf             2   21[COMRAM] PTR unsigned char 
		 -> dbuf(32), 
  p               2   23[COMRAM] int 
 Auto vars:     Size  Location     Type
  w               2   28[COMRAM] int 
  i               2   26[COMRAM] int 
 Return value:  Size  Location     Type
                  2   19[COMRAM] int 
 Registers used:
		wreg, fsr1l, fsr1h, fsr2l, fsr2h, status,2, status,0, cstack
 Tracked objects:
		On entry : 
		On exit  : 
		Unchanged: 
 Data sizes:     COMRAM   BANK0   BANK1   BANK2   BANK3   BANK4   BANK5   BANK6   BANK7   BANK8   BANK9  BANK10  BANK11  BANK12  BANK13  BANK14  BANK15  BANK16  BANK17  BANK18  BANK19  BANK20  BANK21  BANK22  BANK23  BANK24  BANK25  BANK26  BANK27  BANK28  BANK29  BANK30  BANK31
      Params:         6       0       0       0       0       0       0       0       0       0       0       0       0       0       0       0       0       0       0       0       0       0       0       0       0       0       0       0       0       0       0       0       0
      Locals:         4       0       0       0       0       0       0       0       0       0       0       0       0       0       0       0       0       0       0       0       0       0       0       0       0       0       0       0       0       0       0       0       0
      Temps:          1       0       0       0       0       0       0       0       0       0       0       0       0       0       0       0       0       0       0       0       0       0       0       0       0       0       0       0       0       0       0       0       0
      Totals:        11       0       0       0       0       0       0       0       0       0       0       0       0       0       0       0       0       0       0       0       0       0       0       0       0       0       0       0       0       0       0       0       0
Total ram usage:       11 bytes
 Hardware stack levels used:    1
 Hardware stack levels required when called:    7
 This function calls:
		_fputc
		_fputs
		_strlen
 This function is called by:
		_dtoa
 This function uses a non-reentrant model


 *************** function _strlen *****************
 Defined at:
		line 5 in file "C:\Program Files\Microchip\xc8\v2.31\pic\sources\c99\common\strlen.c"
 Parameters:    Size  Location     Type
  s               2    1[COMRAM] PTR const unsigned char 
		 -> dbuf(32), 
 Auto vars:     Size  Location     Type
  a               2    3[COMRAM] PTR const unsigned char 
		 -> dbuf(32), 
 Return value:  Size  Location     Type
                  2    1[COMRAM] unsigned int 
 Registers used:
		wreg, fsr2l, fsr2h, status,2, status,0
 Tracked objects:
		On entry : 
		On exit  : 
		Unchanged: 
 Data sizes:     COMRAM   BANK0   BANK1   BANK2   BANK3   BANK4   BANK5   BANK6   BANK7   BANK8   BANK9  BANK10  BANK11  BANK12  BANK13  BANK14  BANK15  BANK16  BANK17  BANK18  BANK19  BANK20  BANK21  BANK22  BANK23  BANK24  BANK25  BANK26  BANK27  BANK28  BANK29  BANK30  BANK31
      Params:         2       0       0       0       0       0       0       0       0       0       0       0       0       0       0       0       0       0       0       0       0       0       0       0       0       0       0       0       0       0       0       0       0
      Locals:         2       0       0       0       0       0       0       0       0       0       0       0       0       0       0       0       0       0       0       0       0       0       0       0       0       0       0       0       0       0       0       0       0
      Temps:          0       0       0       0       0       0       0       0       0       0       0       0       0       0       0       0       0       0       0       0       0       0       0       0       0       0       0       0       0       0       0       0       0
      Totals:         4       0       0       0       0       0       0       0       0       0       0       0       0       0       0       0       0       0       0       0       0       0       0       0       0       0       0       0       0       0       0       0       0
Total ram usage:        4 bytes
 Hardware stack levels used:    1
 Hardware stack levels required when called:    3
 This function calls:
		Nothing
 This function is called by:
		_pad
 This function uses a non-reentrant model


 *************** function _fputs *****************
 Defined at:
		line 8 in file "C:\Program Files\Microchip\xc8\v2.31\pic\sources\c99\common\nf_fputs.c"
 Parameters:    Size  Location     Type
  s               2   12[COMRAM] PTR const unsigned char 
		 -> dbuf(32), 
  fp              2   14[COMRAM] PTR struct _IO_FILE
		 -> NULL(0), 
 Auto vars:     Size  Location     Type
  i               2   17[COMRAM] int 
  c               1   16[COMRAM] unsigned char 
 Return value:  Size  Location     Type
                  2   12[COMRAM] int 
 Registers used:
		wreg, fsr1l, fsr1h, fsr2l, fsr2h, status,2, status,0, cstack
 Tracked objects:
		On entry : 
		On exit  : 
		Unchanged: 
 Data sizes:     COMRAM   BANK0   BANK1   BANK2   BANK3   BANK4   BANK5   BANK6   BANK7   BANK8   BANK9  BANK10  BANK11  BANK12  BANK13  BANK14  BANK15  BANK16  BANK17  BANK18  BANK19  BANK20  BANK21  BANK22  BANK23  BANK24  BANK25  BANK26  BANK27  BANK28  BANK29  BANK30  BANK31
      Params:         4       0       0       0       0       0       0       0       0       0       0       0       0       0       0       0       0       0       0       0       0       0       0       0       0       0       0       0       0       0       0       0       0
      Locals:         3       0       0       0       0       0       0       0       0       0       0       0       0       0       0       0       0       0       0       0       0       0       0       0       0       0       0       0       0       0       0       0       0
      Temps:          0       0       0       0       0       0       0       0       0       0       0       0       0       0       0       0       0       0       0       0       0       0       0       0       0       0       0       0       0       0       0       0       0
      Totals:         7       0       0       0       0       0       0       0       0       0       0       0       0       0       0       0       0       0       0       0       0       0       0       0       0       0       0       0       0       0       0       0       0
Total ram usage:        7 bytes
 Hardware stack levels used:    1
 Hardware stack levels required when called:    6
 This function calls:
		_fputc
 This function is called by:
		_pad
 This function uses a non-reentrant model


 *************** function _fputc *****************
 Defined at:
		line 8 in file "C:\Program Files\Microchip\xc8\v2.31\pic\sources\c99\common\nf_fputc.c"
 Parameters:    Size  Location     Type
  c               2    3[COMRAM] int 
  fp              2    5[COMRAM] PTR struct _IO_FILE
		 -> NULL(0), 
 Auto vars:     Size  Location     Type
		None
 Return value:  Size  Location     Type
                  2    3[COMRAM] int 
 Registers used:
		wreg, fsr1l, fsr1h, fsr2l, fsr2h, status,2, status,0, cstack
 Tracked objects:
		On entry : 
		On exit  : 
		Unchanged: 
 Data sizes:     COMRAM   BANK0   BANK1   BANK2   BANK3   BANK4   BANK5   BANK6   BANK7   BANK8   BANK9  BANK10  BANK11  BANK12  BANK13  BANK14  BANK15  BANK16  BANK17  BANK18  BANK19  BANK20  BANK21  BANK22  BANK23  BANK24  BANK25  BANK26  BANK27  BANK28  BANK29  BANK30  BANK31
      Params:         4       0       0       0       0       0       0       0       0       0       0       0       0       0       0       0       0       0       0       0       0       0       0       0       0       0       0       0       0       0       0       0       0
      Locals:         0       0       0       0       0       0       0       0       0       0       0       0       0       0       0       0       0       0       0       0       0       0       0       0       0       0       0       0       0       0       0       0       0
      Temps:          5       0       0       0       0       0       0       0       0       0       0       0       0       0       0       0       0       0       0       0       0       0       0       0       0       0       0       0       0       0       0       0       0
      Totals:         9       0       0       0       0       0       0       0       0       0       0       0       0       0       0       0       0       0       0       0       0       0       0       0       0       0       0       0       0       0       0       0       0
Total ram usage:        9 bytes
 Hardware stack levels used:    1
 Hardware stack levels required when called:    5
 This function calls:
		_putch
 This function is called by:
		_pad
		_vfpfcnvrt
		_fputs
 This function uses a non-reentrant model


 *************** function _putch *****************
 Defined at:
		line 184 in file "mcc_generated_files/uart1.c"
 Parameters:    Size  Location     Type
  txData          1    wreg     unsigned char 
 Auto vars:     Size  Location     Type
  txData          1    2[COMRAM] unsigned char 
 Return value:  Size  Location     Type
                  1    wreg      void 
 Registers used:
		wreg, status,2, cstack
 Tracked objects:
		On entry : 
		On exit  : 
		Unchanged: 
 Data sizes:     COMRAM   BANK0   BANK1   BANK2   BANK3   BANK4   BANK5   BANK6   BANK7   BANK8   BANK9  BANK10  BANK11  BANK12  BANK13  BANK14  BANK15  BANK16  BANK17  BANK18  BANK19  BANK20  BANK21  BANK22  BANK23  BANK24  BANK25  BANK26  BANK27  BANK28  BANK29  BANK30  BANK31
      Params:         0       0       0       0       0       0       0       0       0       0       0       0       0       0       0       0       0       0       0       0       0       0       0       0       0       0       0       0       0       0       0       0       0
      Locals:         1       0       0       0       0       0       0       0       0       0       0       0       0       0       0       0       0       0       0       0       0       0       0       0       0       0       0       0       0       0       0       0       0
      Temps:          0       0       0       0       0       0       0       0       0       0       0       0       0       0       0       0       0       0       0       0       0       0       0       0       0       0       0       0       0       0       0       0       0
      Totals:         1       0       0       0       0       0       0       0       0       0       0       0       0       0       0       0       0       0       0       0       0       0       0       0       0       0       0       0       0       0       0       0       0
Total ram usage:        1 bytes
 Hardware stack levels used:    1
 Hardware stack levels required when called:    4
 This function calls:
		_UART1_Write
 This function is called by:
		_fputc
 This function uses a non-reentrant model


 *************** function _UART1_Write *****************
 Defined at:
		line 170 in file "mcc_generated_files/uart1.c"
 Parameters:    Size  Location     Type
  txData          1    wreg     unsigned char 
 Auto vars:     Size  Location     Type
  txData          1    1[COMRAM] unsigned char 
 Return value:  Size  Location     Type
                  1    wreg      void 
 Registers used:
		wreg
 Tracked objects:
		On entry : 
		On exit  : 
		Unchanged: 
 Data sizes:     COMRAM   BANK0   BANK1   BANK2   BANK3   BANK4   BANK5   BANK6   BANK7   BANK8   BANK9  BANK10  BANK11  BANK12  BANK13  BANK14  BANK15  BANK16  BANK17  BANK18  BANK19  BANK20  BANK21  BANK22  BANK23  BANK24  BANK25  BANK26  BANK27  BANK28  BANK29  BANK30  BANK31
      Params:         0       0       0       0       0       0       0       0       0       0       0       0       0       0       0       0       0       0       0       0       0       0       0       0       0       0       0       0       0       0       0       0       0
      Locals:         1       0       0       0       0       0       0       0       0       0       0       0       0       0       0       0       0       0       0       0       0       0       0       0       0       0       0       0       0       0       0       0       0
      Temps:          0       0       0       0       0       0       0       0       0       0       0       0       0       0       0       0       0       0       0       0       0       0       0       0       0       0       0       0       0       0       0       0       0
[...]
 Parameters:    Size  Location     Type
		None
 Auto vars:     Size  Location     Type
		None
 Return value:  Size  Location     Type
                  1    wreg      void 
 Registers used:
		None
 Tracked objects:
		On entry : 
		On exit  : 
		Unchanged: 
 Data sizes:     COMRAM   BANK0   BANK1   BANK2   BANK3   BANK4   BANK5   BANK6   BANK7   BANK8   BANK9  BANK10  BANK11  BANK12  BANK13  BANK14  BANK15  BANK16  BANK17  BANK18  BANK19  BANK20  BANK21  BANK22  BANK23  BANK24  BANK25  BANK26  BANK27  BANK28  BANK29  BANK30  BANK31
      Params:         0       0       0       0       0       0       0       0       0       0       0       0       0       0       0       0       0       0       0       0       0       0       0       0       0       0       0       0       0       0       0       0       0
      Locals:         0       0       0       0       0       0       0       0       0       0       0       0       0       0       0       0       0       0       0       0       0       0       0       0       0       0       0       0       0       0       0       0       0
      Temps:          0       0       0       0       0       0       0       0       0       0       0       0       0       0       0       0       0       0       0       0       0       0       0       0       0       0       0       0       0       0       0       0       0
      Totals:         0       0       0       0       0       0       0       0       0       0       0       0       0       0       0       0       0       0       0       0       0       0       0       0       0       0       0       0       0       0       0       0       0
Total ram usage:        0 bytes
 Hardware stack levels used:    1
 Hardware stack levels required when called:    3
 This function calls:
		Nothing
 This function is called by:
		_SYSTEM_Initialize
		_main
 This function uses a non-reentrant model


 *************** function _ADCC_Initialize *****************
 Defined at:
		line 62 in file "mcc_generated_files/adcc.c"
 Parameters:    Size  Location     Type
		None
 Auto vars:     Size  Location     Type
		None
 Return value:  Size  Location     Type
                  1    wreg      void 
 Registers used:
		wreg, status,2
 Tracked objects:
		On entry : 
		On exit  : 
		Unchanged: 
 Data sizes:     COMRAM   BANK0   BANK1   BANK2   BANK3   BANK4   BANK5   BANK6   BANK7   BANK8   BANK9  BANK10  BANK11  BANK12  BANK13  BANK14  BANK15  BANK16  BANK17  BANK18  BANK19  BANK20  BANK21  BANK22  BANK23  BANK24  BANK25  BANK26  BANK27  BANK28  BANK29  BANK30  BANK31
      Params:         0       0       0       0       0       0       0       0       0       0       0       0       0       0       0       0       0       0       0       0       0       0       0       0       0       0       0       0       0       0       0       0       0
      Locals:         0       0       0       0       0       0       0       0       0       0       0       0       0       0       0       0       0       0       0       0       0       0       0       0       0       0       0       0       0       0       0       0       0
      Temps:          0       0       0       0       0       0       0       0       0       0       0       0       0       0       0       0       0       0       0       0       0       0       0       0       0       0       0       0       0       0       0       0       0
      Totals:         0       0       0       0       0       0       0       0       0       0       0       0       0       0       0       0       0       0       0       0       0       0       0       0       0       0       0       0       0       0       0       0       0
Total ram usage:        0 bytes
 Hardware stack levels used:    1
 Hardware stack levels required when called:    3
 This function calls:
		Nothing
 This function is called by:
		_SYSTEM_Initialize
		_main
 This function uses a non-reentrant model


 *************** function _ADCC_StartConversion *****************
 Defined at:
		line 113 in file "mcc_generated_files/adcc.c"
 Parameters:    Size  Location     Type
  channel         1    wreg     enum E15804
 Auto vars:     Size  Location     Type
  channel         1    1[COMRAM] enum E15804
 Return value:  Size  Location     Type
                  1    wreg      void 
 Registers used:
		wreg
 Tracked objects:
		On entry : 
		On exit  : 
		Unchanged: 
 Data sizes:     COMRAM   BANK0   BANK1   BANK2   BANK3   BANK4   BANK5   BANK6   BANK7   BANK8   BANK9  BANK10  BANK11  BANK12  BANK13  BANK14  BANK15  BANK16  BANK17  BANK18  BANK19  BANK20  BANK21  BANK22  BANK23  BANK24  BANK25  BANK26  BANK27  BANK28  BANK29  BANK30  BANK31
      Params:         0       0       0       0       0       0       0       0       0       0       0       0       0       0       0       0       0       0       0       0       0       0       0       0       0       0       0       0       0       0       0       0       0
      Locals:         1       0       0       0       0       0       0       0       0       0       0       0       0       0       0       0       0       0       0       0       0       0       0       0       0       0       0       0       0       0       0       0       0
      Temps:          0       0       0       0       0       0       0       0       0       0       0       0       0       0       0       0       0       0       0       0       0       0       0       0       0       0       0       0       0       0       0       0       0
      Totals:         1       0       0       0       0       0       0       0       0       0       0       0       0       0       0       0       0       0       0       0       0       0       0       0       0       0       0       0       0       0       0       0       0
Total ram usage:        1 bytes
 Hardware stack levels used:    1
 Hardware stack levels required when called:    3
 This function calls:
		Nothing
 This function is called by:
		_main
 This function uses a non-reentrant model


 *************** function _ADCC_IsConversionDone *****************
 Defined at:
		line 125 in file "mcc_generated_files/adcc.c"
 Parameters:    Size  Location     Type
		None
 Auto vars:     Size  Location     Type
		None
 Return value:  Size  Location     Type
                  1    wreg      _Bool 
 Registers used:
		wreg
 Tracked objects:
		On entry : 
		On exit  : 
		Unchanged: 
 Data sizes:     COMRAM   BANK0   BANK1   BANK2   BANK3   BANK4   BANK5   BANK6   BANK7   BANK8   BANK9  BANK10  BANK11  BANK12  BANK13  BANK14  BANK15  BANK16  BANK17  BANK18  BANK19  BANK20  BANK21  BANK22  BANK23  BANK24  BANK25  BANK26  BANK27  BANK28  BANK29  BANK30  BANK31
      Params:         0       0       0       0       0       0       0       0       0       0       0       0       0       0       0       0       0       0       0       0       0       0       0       0       0       0       0       0       0       0       0       0       0
      Locals:         0       0       0       0       0       0       0       0       0       0       0       0       0       0       0       0       0       0       0       0       0       0       0       0       0       0       0       0       0       0       0       0       0
      Temps:          0       0       0       0       0       0       0       0       0       0       0       0       0       0       0       0       0       0       0       0       0       0       0       0       0       0       0       0       0       0       0       0       0
      Totals:         0       0       0       0       0       0       0       0       0       0       0       0       0       0       0       0       0       0       0       0       0       0       0       0       0       0       0       0       0       0       0       0       0
Total ram usage:        0 bytes
 Hardware stack levels used:    1
 Hardware stack levels required when called:    3
 This function calls:
		Nothing
 This function is called by:
		_main
 This function uses a non-reentrant model


 *************** function _ADCC_GetConversionResult *****************
 Defined at:
		line 131 in file "mcc_generated_files/adcc.c"
 Parameters:    Size  Location     Type
		None
 Auto vars:     Size  Location     Type
		None
 Return value:  Size  Location     Type
                  2    1[COMRAM] unsigned short 
 Registers used:
		wreg, status,2, status,0
 Tracked objects:
		On entry : 
		On exit  : 
		Unchanged: 
 Data sizes:     COMRAM   BANK0   BANK1   BANK2   BANK3   BANK4   BANK5   BANK6   BANK7   BANK8   BANK9  BANK10  BANK11  BANK12  BANK13  BANK14  BANK15  BANK16  BANK17  BANK18  BANK19  BANK20  BANK21  BANK22  BANK23  BANK24  BANK25  BANK26  BANK27  BANK28  BANK29  BANK30  BANK31
      Params:         2       0       0       0       0       0       0       0       0       0       0       0       0       0       0       0       0       0       0       0       0       0       0       0       0       0       0       0       0       0       0       0       0
      Locals:         0       0       0       0       0       0       0       0       0       0       0       0       0       0       0       0       0       0       0       0       0       0       0       0       0       0       0       0       0       0       0       0       0
      Temps:          2       0       0       0       0       0       0       0       0       0       0       0       0       0       0       0       0       0       0       0       0       0       0       0       0       0       0       0       0       0       0       0       0
      Totals:         4       0       0       0       0       0       0       0       0       0       0       0       0       0       0       0       0       0       0       0       0       0       0       0       0       0       0       0       0       0       0       0       0
Total ram usage:        4 bytes
 Hardware stack levels used:    1
 Hardware stack levels required when called:    3
 This function calls:
		Nothing
 This function is called by:
		_main
 This function uses a non-reentrant model


 *************** function _INTERRUPT_InterruptManager *****************
 Defined at:
		line 58 in file "mcc_generated_files/interrupt_manager.c"
 Parameters:    Size  Location     Type
		None
 Auto vars:     Size  Location     Type
		None
 Return value:  Size  Location     Type
                  1    wreg      void 
 Registers used:
		wreg, status,2, status,0, pclath, tosl, cstack
 Tracked objects:
		On entry : 
		On exit  : 
		Unchanged: 
 Data sizes:     COMRAM   BANK0   BANK1   BANK2   BANK3   BANK4   BANK5   BANK6   BANK7   BANK8   BANK9  BANK10  BANK11  BANK12  BANK13  BANK14  BANK15  BANK16  BANK17  BANK18  BANK19  BANK20  BANK21  BANK22  BANK23  BANK24  BANK25  BANK26  BANK27  BANK28  BANK29  BANK30  BANK31
      Params:         0       0       0       0       0       0       0       0       0       0       0       0       0       0       0       0       0       0       0       0       0       0       0       0       0       0       0       0       0       0       0       0       0
      Locals:         0       0       0       0       0       0       0       0       0       0       0       0       0       0       0       0       0       0       0       0       0       0       0       0       0       0       0       0       0       0       0       0       0
      Temps:          0       0       0       0       0       0       0       0       0       0       0       0       0       0       0       0       0       0       0       0       0       0       0       0       0       0       0       0       0       0       0       0       0
      Totals:         0       0       0       0       0       0       0       0       0       0       0       0       0       0       0       0       0       0       0       0       0       0       0       0       0       0       0       0       0       0       0       0       0
Total ram usage:        0 bytes
 Hardware stack levels used:    1
 Hardware stack levels required when called:    2
 This function calls:
		_TMR0_ISR
 This function is called by:
		Interrupt level 2
 This function uses a non-reentrant model


 *************** function _TMR0_ISR *****************
 Defined at:
		line 122 in file "mcc_generated_files/tmr0.c"
 Parameters:    Size  Location     Type
		None
 Auto vars:     Size  Location     Type
		None
 Return value:  Size  Location     Type
                  1    wreg      void 
 Registers used:
		wreg, status,2, status,0, pclath, tosl, cstack
 Tracked objects:
		On entry : 
		On exit  : 
		Unchanged: 
 Data sizes:     COMRAM   BANK0   BANK1   BANK2   BANK3   BANK4   BANK5   BANK6   BANK7   BANK8   BANK9  BANK10  BANK11  BANK12  BANK13  BANK14  BANK15  BANK16  BANK17  BANK18  BANK19  BANK20  BANK21  BANK22  BANK23  BANK24  BANK25  BANK26  BANK27  BANK28  BANK29  BANK30  BANK31
      Params:         0       0       0       0       0       0       0       0       0       0       0       0       0       0       0       0       0       0       0       0       0       0       0       0       0       0       0       0       0       0       0       0       0
      Locals:         0       0       0       0       0       0       0       0       0       0       0       0       0       0       0       0       0       0       0       0       0       0       0       0       0       0       0       0       0       0       0       0       0
      Temps:          1       0       0       0       0       0       0       0       0       0       0       0       0       0       0       0       0       0       0       0       0       0       0       0       0       0       0       0       0       0       0       0       0
      Totals:         1       0       0       0       0       0       0       0       0       0       0       0       0       0       0       0       0       0       0       0       0       0       0       0       0       0       0       0       0       0       0       0       0
Total ram usage:        1 bytes
 Hardware stack levels used:    1
 Hardware stack levels required when called:    1
 This function calls:
		Absolute function
		_TMR0_DefaultInterruptHandler
 This function is called by:
		_INTERRUPT_InterruptManager
 This function uses a non-reentrant model


 *************** function _TMR0_DefaultInterruptHandler *****************
 Defined at:
		line 140 in file "mcc_generated_files/tmr0.c"
 Parameters:    Size  Location     Type
		None
 Auto vars:     Size  Location     Type
		None
 Return value:  Size  Location     Type
                  1    wreg      void 
 Registers used:
		None
 Tracked objects:
		On entry : 
		On exit  : 
		Unchanged: 
 Data sizes:     COMRAM   BANK0   BANK1   BANK2   BANK3   BANK4   BANK5   BANK6   BANK7   BANK8   BANK9  BANK10  BANK11  BANK12  BANK13  BANK14  BANK15  BANK16  BANK17  BANK18  BANK19  BANK20  BANK21  BANK22  BANK23  BANK24  BANK25  BANK26  BANK27  BANK28  BANK29  BANK30  BANK31
      Params:         0       0       0       0       0       0       0       0       0       0       0       0       0       0       0       0       0       0       0       0       0       0       0       0       0       0       0       0       0       0       0       0       0
      Locals:         0       0       0       0       0       0       0       0       0       0       0       0       0       0       0       0       0       0       0       0       0       0       0       0       0       0       0       0       0       0       0       0       0
      Temps:          0       0       0       0       0       0       0       0       0       0       0       0       0       0       0       0       0       0       0       0       0       0       0       0       0       0       0       0       0       0       0       0       0
      Totals:         0       0       0       0       0       0       0       0       0       0       0       0       0       0       0       0       0       0       0       0       0       0       0       0       0       0       0       0       0       0       0       0       0
Total ram usage:        0 bytes
 Hardware stack levels used:    1
 This function calls:
		Nothing
 This function is called by:
		_TMR0_Initialize
		_TMR0_ISR
 This function uses a non-reentrant model



MODULE INFORMATION

Module		Function		Class		Link	Load	Size
C:\Program Files\Microchip\xc8\v2.31\pic\sources\c99\common\nf_fputs.c
		_fputs         		CODE           	2C0C	0000	68

C:\Program Files\Microchip\xc8\v2.31\pic\sources\c99\common\nf_fputs.c estimated size: 68

mcc_generated_files/interrupt_manager.c
		_INTERRUPT_Initialize		CODE           	2E54	0000	4
		_INTERRUPT_InterruptManager		CODE           	2D3E	0000	36

mcc_generated_files/interrupt_manager.c estimated size: 40

C:\Program Files\Microchip\xc8\v2.31\pic\sources\c99\common\printf.c
		_printf        		CODE           	2CCA	0000	40

C:\Program Files\Microchip\xc8\v2.31\pic\sources\c99\common\printf.c estimated size: 40

C:\Program Files\Microchip\xc8\v2.31\pic\sources\c99\common\aomod.c
		___aomod       		CODE           	2696	0000	356

C:\Program Files\Microchip\xc8\v2.31\pic\sources\c99\common\aomod.c estimated size: 356

mcc_generated_files/tmr0.c
		_TMR0_SetInterruptHandler		CODE           	2E38	0000	14
		_TMR0_DefaultInterruptHandler		CODE           	2E58	0000	2
		_TMR0_StartTimer		CODE           	2E50	0000	4
		_TMR0_ISR      		CODE           	2BB0	0000	92
		_TMR0_Initialize		CODE           	2CF2	0000	40

mcc_generated_files/tmr0.c estimated size: 152

C:\Program Files\Microchip\xc8\v2.31\pic\sources\c99\common\abs.c
		_abs           		CODE           	2C50	0000	64

C:\Program Files\Microchip\xc8\v2.31\pic\sources\c99\common\abs.c estimated size: 64

C:\Program Files\Microchip\xc8\v2.31\pic\sources\c99\common\strlen.c
		_strlen        		CODE           	2C90	0000	58

C:\Program Files\Microchip\xc8\v2.31\pic\sources\c99\common\strlen.c estimated size: 58

mcc_generated_files/pin_manager.c
		_PIN_MANAGER_Initialize		CODE           	2956	0000	150

mcc_generated_files/pin_manager.c estimated size: 150

mcc_generated_files/uart1.c
		_UART1_Write   		CODE           	2DA0	0000	26
		_putch         		CODE           	2E46	0000	10
		_UART1_SetFramingErrorHandler		CODE           	2E1C	0000	14
		_UART1_SetOverrunErrorHandler		CODE           	2E0E	0000	14
		_UART1_Initialize		CODE           	2A76	0000	116
		_UART1_SetErrorHandler		CODE           	2E2A	0000	14

mcc_generated_files/uart1.c estimated size: 194

C:\Program Files\Microchip\xc8\v2.31\pic\sources\c99\common\aodiv.c
		___aodiv       		CODE           	250E	0000	392

C:\Program Files\Microchip\xc8\v2.31\pic\sources\c99\common\aodiv.c estimated size: 392

C:\Program Files\Microchip\xc8\v2.31\pic\sources\c99\common\nf_fputc.c
		_fputc         		CODE           	28C0	0000	150

C:\Program Files\Microchip\xc8\v2.31\pic\sources\c99\common\nf_fputc.c estimated size: 150

shared
		__initialization		CODE           	2D62	0000	26

shared estimated size: 26

mcc_generated_files/mcc.c
		_PMD_Initialize		CODE           	2D1A	0000	36
		_OSCILLATOR_Initialize		CODE           	2DBA	0000	24
		_SYSTEM_Initialize		CODE           	2D82	0000	30

mcc_generated_files/mcc.c estimated size: 90

C:\Program Files\Microchip\xc8\v2.31\pic\sources\c99\common\doprnt.c
		_vfpfcnvrt     		CODE           	22FA	0000	532
		_pad           		CODE           	27FA	0000	198
		_dtoa          		CODE           	2016	0000	740
		_vfprintf      		CODE           	2AEA	0000	106

C:\Program Files\Microchip\xc8\v2.31\pic\sources\c99\common\doprnt.c estimated size: 1576

mcc_generated_files/adcc.c
		_ADCC_GetConversionResult		CODE           	2DE8	0000	22
		_ADCC_StartConversion		CODE           	2DFE	0000	16
		_ADCC_Initialize		CODE           	2B54	0000	92
		_ADCC_IsConversionDone		CODE           	2DD2	0000	22

mcc_generated_files/adcc.c estimated size: 152

main.c
		_main          		CODE           	29EC	0000	138

main.c estimated size: 138

